INFO 2026-07-22 17:59:02 rt_utils.py:221 Imported third-party plugin: lerobot_robot_seed_noid
ERROR 2026-07-22 17:59:02 rt_utils.py:223 Could not import third-party plugin: lerobot_robot_noid_lifter_mover
INFO 2026-07-22 17:59:02 rt_utils.py:221 Imported third-party plugin: lerobot_robot_seed_noid
DEBUG 2026-07-22 17:59:02 rt_utils.py:233 Third-party plugin import summary: imported=['lerobot_robot_seed_noid', 'lerobot_robot_seed_noid'] failed=['lerobot_robot_noid_lifter_mover']
DEBUG 2026-07-22 17:59:02 d_metavar.py:22 Metavar for type None: None
DEBUG 2026-07-22 17:59:02 formatter.py:52 action type: None, Result: , nargs: 0, default metavar: None
DEBUG 2026-07-22 17:59:02 d_metavar.py:22 Metavar for type <class 'str'>: str
DEBUG 2026-07-22 17:59:02 formatter.py:52 action type: <class 'str'>, Result: str, nargs: None, default metavar: None
DEBUG 2026-07-22 17:59:02 _wrapper.py:168 wrapped field at policy_type has a default value of None
DEBUG 2026-07-22 17:59:02 _wrapper.py:168 wrapped field at pretrained_name_or_path has a default value of None
DEBUG 2026-07-22 17:59:02 _wrapper.py:168 wrapped field at actions_per_chunk has a default value of None
DEBUG 2026-07-22 17:59:02 _wrapper.py:168 wrapped field at task has a default value of 
DEBUG 2026-07-22 17:59:02 _wrapper.py:168 wrapped field at server_address has a default value of localhost:8080
DEBUG 2026-07-22 17:59:02 _wrapper.py:168 wrapped field at policy_device has a default value of cpu
DEBUG 2026-07-22 17:59:02 _wrapper.py:168 wrapped field at client_device has a default value of cpu
DEBUG 2026-07-22 17:59:02 _wrapper.py:168 wrapped field at chunk_size_threshold has a default value of 0.5
DEBUG 2026-07-22 17:59:02 _wrapper.py:168 wrapped field at fps has a default value of 30
DEBUG 2026-07-22 17:59:02 _wrapper.py:168 wrapped field at aggregate_fn_name has a default value of weighted_average
DEBUG 2026-07-22 17:59:02 _wrapper.py:168 wrapped field at debug_visualize_queue_size has a default value of False
DEBUG 2026-07-22 17:59:02 _wrapper.py:309 Arg options for field 'policy_type': {'required': False, 'dest': 'policy_type', 'default': None, 'help': 'Policy configuration', 'type': <class 'str'>}
DEBUG 2026-07-22 17:59:02 _wrapper.py:309 Arg options for field 'pretrained_name_or_path': {'required': False, 'dest': 'pretrained_name_or_path', 'default': None, 'type': <class 'str'>}
DEBUG 2026-07-22 17:59:02 d_metavar.py:22 Metavar for type <class 'str'>: str
DEBUG 2026-07-22 17:59:02 formatter.py:52 action type: <class 'str'>, Result: str, nargs: None, default metavar: None
DEBUG 2026-07-22 17:59:02 _wrapper.py:168 wrapped field at robot.port has a default value of None
DEBUG 2026-07-22 17:59:02 _wrapper.py:168 wrapped field at robot.disable_torque_on_disconnect has a default value of True
DEBUG 2026-07-22 17:59:02 _wrapper.py:201 wrapped field at robot.max_relative_target has a default value of None
DEBUG 2026-07-22 17:59:02 _wrapper.py:201 wrapped field at robot.cameras has a default value of {}
DEBUG 2026-07-22 17:59:02 _wrapper.py:168 wrapped field at robot.use_degrees has a default value of True
DEBUG 2026-07-22 17:59:02 _wrapper.py:201 wrapped field at robot.id has a default value of None
DEBUG 2026-07-22 17:59:02 _wrapper.py:201 wrapped field at robot.calibration_dir has a default value of None
DEBUG 2026-07-22 17:59:02 _wrapper.py:168 wrapped field at robot.port has a default value of None
DEBUG 2026-07-22 17:59:02 _wrapper.py:168 wrapped field at robot.disable_torque_on_disconnect has a default value of True
DEBUG 2026-07-22 17:59:02 _wrapper.py:201 wrapped field at robot.max_relative_target has a default value of None
DEBUG 2026-07-22 17:59:02 _wrapper.py:201 wrapped field at robot.cameras has a default value of {}
DEBUG 2026-07-22 17:59:02 _wrapper.py:168 wrapped field at robot.use_degrees has a default value of True
DEBUG 2026-07-22 17:59:02 _wrapper.py:201 wrapped field at robot.id has a default value of None
DEBUG 2026-07-22 17:59:02 _wrapper.py:201 wrapped field at robot.calibration_dir has a default value of None
DEBUG 2026-07-22 17:59:02 _wrapper.py:201 wrapped field at robot.id has a default value of None
DEBUG 2026-07-22 17:59:02 _wrapper.py:201 wrapped field at robot.calibration_dir has a default value of None
DEBUG 2026-07-22 17:59:02 _wrapper.py:168 wrapped field at robot.left_arm_config.port has a default value of None
DEBUG 2026-07-22 17:59:02 _wrapper.py:168 wrapped field at robot.left_arm_config.disable_torque_on_disconnect has a default value of True
DEBUG 2026-07-22 17:59:02 _wrapper.py:201 wrapped field at robot.left_arm_config.max_relative_target has a default value of None
DEBUG 2026-07-22 17:59:02 _wrapper.py:201 wrapped field at robot.left_arm_config.cameras has a default value of {}
DEBUG 2026-07-22 17:59:02 _wrapper.py:168 wrapped field at robot.left_arm_config.use_degrees has a default value of True
DEBUG 2026-07-22 17:59:02 _wrapper.py:168 wrapped field at robot.right_arm_config.port has a default value of None
DEBUG 2026-07-22 17:59:02 _wrapper.py:168 wrapped field at robot.right_arm_config.disable_torque_on_disconnect has a default value of True
DEBUG 2026-07-22 17:59:02 _wrapper.py:201 wrapped field at robot.right_arm_config.max_relative_target has a default value of None
DEBUG 2026-07-22 17:59:02 _wrapper.py:201 wrapped field at robot.right_arm_config.cameras has a default value of {}
DEBUG 2026-07-22 17:59:02 _wrapper.py:168 wrapped field at robot.right_arm_config.use_degrees has a default value of True
DEBUG 2026-07-22 17:59:02 _wrapper.py:201 wrapped field at robot.id has a default value of None
DEBUG 2026-07-22 17:59:02 _wrapper.py:201 wrapped field at robot.calibration_dir has a default value of None
DEBUG 2026-07-22 17:59:02 _wrapper.py:168 wrapped field at robot.port has a default value of None
DEBUG 2026-07-22 17:59:02 _wrapper.py:168 wrapped field at robot.disable_torque_on_disconnect has a default value of True
DEBUG 2026-07-22 17:59:02 _wrapper.py:201 wrapped field at robot.max_relative_target has a default value of None
DEBUG 2026-07-22 17:59:02 _wrapper.py:201 wrapped field at robot.cameras has a default value of {}
DEBUG 2026-07-22 17:59:02 _wrapper.py:168 wrapped field at robot.use_degrees has a default value of False
DEBUG 2026-07-22 17:59:02 _wrapper.py:201 wrapped field at robot.id has a default value of None
DEBUG 2026-07-22 17:59:02 _wrapper.py:201 wrapped field at robot.calibration_dir has a default value of None
DEBUG 2026-07-22 17:59:02 _wrapper.py:168 wrapped field at robot.port has a default value of None
DEBUG 2026-07-22 17:59:02 _wrapper.py:168 wrapped field at robot.disable_torque_on_disconnect has a default value of True
DEBUG 2026-07-22 17:59:02 _wrapper.py:201 wrapped field at robot.max_relative_target has a default value of None
DEBUG 2026-07-22 17:59:02 _wrapper.py:201 wrapped field at robot.cameras has a default value of {}
DEBUG 2026-07-22 17:59:02 _wrapper.py:168 wrapped field at robot.use_degrees has a default value of False
DEBUG 2026-07-22 17:59:02 _wrapper.py:201 wrapped field at robot.id has a default value of None
DEBUG 2026-07-22 17:59:02 _wrapper.py:201 wrapped field at robot.calibration_dir has a default value of None
DEBUG 2026-07-22 17:59:02 _wrapper.py:168 wrapped field at robot.ros_node_name has a default value of lerobot_seed_noid
DEBUG 2026-07-22 17:59:02 _wrapper.py:168 wrapped field at robot.joint_state_topic has a default value of /joint_states
DEBUG 2026-07-22 17:59:02 _wrapper.py:168 wrapped field at robot.base_twist_topic has a default value of /mechanum_controller/cmd_vel_teleop
DEBUG 2026-07-22 17:59:02 _wrapper.py:168 wrapped field at robot.hand_service_name has a default value of /aero_controller/run_script
DEBUG 2026-07-22 17:59:02 _wrapper.py:201 wrapped field at robot.joint_groups has a default value of {'rarm': ['r_shoulder_p_joint', 'r_shoulder_r_joint', 'r_shoulder_y_joint', 'r_elbow_joint', 'r_wrist_y_joint', 'r_wrist_p_joint', 'r_wrist_r_joint'], 'rhand': ['r_thumb_joint'], 'larm': ['l_shoulder_p_joint', 'l_shoulder_r_joint', 'l_shoulder_y_joint', 'l_elbow_joint', 'l_wrist_y_joint', 'l_wrist_p_joint', 'l_wrist_r_joint'], 'lhand': ['l_thumb_joint'], 'waist': ['waist_y_joint', 'waist_p_joint', 'waist_r_joint'], 'lifter': ['knee_joint', 'ankle_joint'], 'head': ['neck_y_joint', 'neck_p_joint', 'neck_r_joint']}
DEBUG 2026-07-22 17:59:02 _wrapper.py:201 wrapped field at robot.observation_groups has a default value of ['rarm', 'rhand', 'larm', 'lhand', 'waist', 'lifter', 'head']
DEBUG 2026-07-22 17:59:02 _wrapper.py:201 wrapped field at robot.action_groups has a default value of ['rarm', 'rhand', 'larm', 'lhand', 'waist', 'lifter', 'head']
DEBUG 2026-07-22 17:59:02 _wrapper.py:201 wrapped field at robot.command_groups has a default value of ['rarm']
DEBUG 2026-07-22 17:59:02 _wrapper.py:201 wrapped field at robot.controller_names has a default value of {'rarm': 'rarm_controller', 'rhand': 'rhand_controller', 'larm': 'larm_controller', 'lhand': 'lhand_controller', 'waist': 'waist_controller', 'lifter': 'lifter_controller', 'head': 'head_controller'}
DEBUG 2026-07-22 17:59:02 _wrapper.py:201 wrapped field at robot.joint_command_transport has a default value of topic
DEBUG 2026-07-22 17:59:02 _wrapper.py:201 wrapped field at robot.joint_trajectory_topics has a default value of {}
DEBUG 2026-07-22 17:59:02 _wrapper.py:201 wrapped field at robot.follow_joint_trajectory_actions has a default value of {}
DEBUG 2026-07-22 17:59:02 _wrapper.py:168 wrapped field at robot.trajectory_duration_s has a default value of 0.6
DEBUG 2026-07-22 17:59:02 _wrapper.py:168 wrapped field at robot.wait_for_action_servers_s has a default value of 5.0
DEBUG 2026-07-22 17:59:02 _wrapper.py:168 wrapped field at robot.executor_threads has a default value of 2
DEBUG 2026-07-22 17:59:02 _wrapper.py:201 wrapped field at robot.joint_position_limits has a default value of {}
DEBUG 2026-07-22 17:59:02 _wrapper.py:201 wrapped field at robot.max_relative_target has a default value of 0.04
DEBUG 2026-07-22 17:59:02 _wrapper.py:168 wrapped field at robot.strict_action_keys has a default value of True
DEBUG 2026-07-22 17:59:02 _wrapper.py:168 wrapped field at robot.wait_for_joint_state_s has a default value of 10.0
DEBUG 2026-07-22 17:59:02 _wrapper.py:168 wrapped field at robot.wait_for_images_s has a default value of 15.0
DEBUG 2026-07-22 17:59:02 _wrapper.py:168 wrapped field at robot.stale_joint_state_s has a default value of 2.0
DEBUG 2026-07-22 17:59:02 _wrapper.py:201 wrapped field at robot.missing_joint_policy has a default value of raise
DEBUG 2026-07-22 17:59:02 _wrapper.py:168 wrapped field at robot.include_base_actions has a default value of False
DEBUG 2026-07-22 17:59:02 _wrapper.py:201 wrapped field at robot.base_velocity_limits has a default value of {'vx': 0.2, 'vy': 0.15, 'wz': 0.4}
DEBUG 2026-07-22 17:59:02 _wrapper.py:201 wrapped field at robot.hand_command_modes has a default value of {'rhand': 'joint_trajectory', 'lhand': 'joint_trajectory'}
DEBUG 2026-07-22 17:59:02 _wrapper.py:168 wrapped field at robot.hand_grasp_threshold has a default value of 0.75
DEBUG 2026-07-22 17:59:02 _wrapper.py:168 wrapped field at robot.hand_release_threshold has a default value of 0.25
DEBUG 2026-07-22 17:59:02 _wrapper.py:168 wrapped field at robot.hand_script_timeout_s has a default value of 5.0
DEBUG 2026-07-22 17:59:02 _wrapper.py:201 wrapped field at robot.hand_scripts has a default value of {'rhand': {'msid': 1, 'send_no': 11, 'grasp_script_no': 2, 'release_script_no': 3}, 'lhand': {'msid': 1, 'send_no': 26, 'grasp_script_no': 2, 'release_script_no': 3}}
DEBUG 2026-07-22 17:59:02 _wrapper.py:201 wrapped field at robot.ros_image_topics has a default value of {}
DEBUG 2026-07-22 17:59:02 _wrapper.py:201 wrapped field at robot.ros_image_shapes has a default value of {}
DEBUG 2026-07-22 17:59:02 _wrapper.py:168 wrapped field at robot.stale_image_s has a default value of 2.0
DEBUG 2026-07-22 17:59:02 _wrapper.py:201 wrapped field at robot.missing_image_policy has a default value of raise
DEBUG 2026-07-22 17:59:02 _wrapper.py:201 wrapped field at robot.cameras has a default value of {}
DEBUG 2026-07-22 17:59:02 docstring.py:65 Couldn't find the attribute docstring: could not find class definition
DEBUG 2026-07-22 17:59:02 _wrapper.py:309 Arg options for field 'port': {'required': False, 'dest': 'robot.port', 'default': None, 'type': <class 'str'>}
DEBUG 2026-07-22 17:59:02 docstring.py:65 Couldn't find the attribute docstring: could not find class definition
DEBUG 2026-07-22 17:59:02 _wrapper.py:309 Arg options for field 'disable_torque_on_disconnect': {'required': False, 'dest': 'robot.disable_torque_on_disconnect', 'default': True, 'help': ' ', 'type': <class 'bool'>}
DEBUG 2026-07-22 17:59:02 docstring.py:65 Couldn't find the attribute docstring: could not find class definition
DEBUG 2026-07-22 17:59:02 _wrapper.py:309 Arg options for field 'max_relative_target': {'required': False, 'dest': 'robot.max_relative_target', 'default': None, 'type': typing.Union[float, typing.Dict[str, float], NoneType]}
DEBUG 2026-07-22 17:59:02 docstring.py:65 Couldn't find the attribute docstring: could not find class definition
DEBUG 2026-07-22 17:59:02 _wrapper.py:309 Arg options for field 'cameras': {'required': False, 'dest': 'robot.cameras', 'default': {}, 'help': ' ', 'type': typing.Dict[str, lerobot.cameras.configs.CameraConfig]}
DEBUG 2026-07-22 17:59:02 docstring.py:65 Couldn't find the attribute docstring: could not find class definition
DEBUG 2026-07-22 17:59:02 _wrapper.py:309 Arg options for field 'use_degrees': {'required': False, 'dest': 'robot.use_degrees', 'default': True, 'help': ' ', 'type': <class 'bool'>}
DEBUG 2026-07-22 17:59:02 _wrapper.py:309 Arg options for field 'id': {'required': False, 'dest': 'robot.id', 'default': None, 'help': 'Allows to distinguish between different robots of the same type', 'type': typing.Optional[str]}
DEBUG 2026-07-22 17:59:02 _wrapper.py:309 Arg options for field 'calibration_dir': {'required': False, 'dest': 'robot.calibration_dir', 'default': None, 'help': 'Directory to store calibration file', 'type': typing.Optional[pathlib.Path]}
DEBUG 2026-07-22 17:59:02 docstring.py:65 Couldn't find the attribute docstring: could not find class definition
DEBUG 2026-07-22 17:59:02 _wrapper.py:309 Arg options for field 'port': {'required': False, 'dest': 'robot.port', 'default': None, 'type': <class 'str'>}
DEBUG 2026-07-22 17:59:03 docstring.py:65 Couldn't find the attribute docstring: could not find class definition
DEBUG 2026-07-22 17:59:03 _wrapper.py:309 Arg options for field 'disable_torque_on_disconnect': {'required': False, 'dest': 'robot.disable_torque_on_disconnect', 'default': True, 'help': ' ', 'type': <class 'bool'>}
DEBUG 2026-07-22 17:59:03 docstring.py:65 Couldn't find the attribute docstring: could not find class definition
DEBUG 2026-07-22 17:59:03 _wrapper.py:309 Arg options for field 'max_relative_target': {'required': False, 'dest': 'robot.max_relative_target', 'default': None, 'type': typing.Union[float, typing.Dict[str, float], NoneType]}
DEBUG 2026-07-22 17:59:03 docstring.py:65 Couldn't find the attribute docstring: could not find class definition
DEBUG 2026-07-22 17:59:03 _wrapper.py:309 Arg options for field 'cameras': {'required': False, 'dest': 'robot.cameras', 'default': {}, 'help': ' ', 'type': typing.Dict[str, lerobot.cameras.configs.CameraConfig]}
DEBUG 2026-07-22 17:59:03 docstring.py:65 Couldn't find the attribute docstring: could not find class definition
DEBUG 2026-07-22 17:59:03 _wrapper.py:309 Arg options for field 'use_degrees': {'required': False, 'dest': 'robot.use_degrees', 'default': True, 'help': ' ', 'type': <class 'bool'>}
DEBUG 2026-07-22 17:59:03 _wrapper.py:309 Arg options for field 'id': {'required': False, 'dest': 'robot.id', 'default': None, 'help': 'Allows to distinguish between different robots of the same type', 'type': typing.Optional[str]}
DEBUG 2026-07-22 17:59:03 _wrapper.py:309 Arg options for field 'calibration_dir': {'required': False, 'dest': 'robot.calibration_dir', 'default': None, 'help': 'Directory to store calibration file', 'type': typing.Optional[pathlib.Path]}
DEBUG 2026-07-22 17:59:03 _wrapper.py:309 Arg options for field 'id': {'required': False, 'dest': 'robot.id', 'default': None, 'help': 'Allows to distinguish between different robots of the same type', 'type': typing.Optional[str]}
DEBUG 2026-07-22 17:59:03 _wrapper.py:309 Arg options for field 'calibration_dir': {'required': False, 'dest': 'robot.calibration_dir', 'default': None, 'help': 'Directory to store calibration file', 'type': typing.Optional[pathlib.Path]}
DEBUG 2026-07-22 17:59:03 d_metavar.py:22 Metavar for type <class 'str'>: str
DEBUG 2026-07-22 17:59:03 formatter.py:52 action type: <class 'str'>, Result: str, nargs: None, default metavar: None
DEBUG 2026-07-22 17:59:03 _wrapper.py:309 Arg options for field 'port': {'required': False, 'dest': 'robot.left_arm_config.port', 'default': None, 'help': 'Port to connect to the arm', 'type': <class 'str'>}
DEBUG 2026-07-22 17:59:03 _wrapper.py:309 Arg options for field 'disable_torque_on_disconnect': {'required': False, 'dest': 'robot.left_arm_config.disable_torque_on_disconnect', 'default': True, 'help': ' ', 'type': <class 'bool'>}
DEBUG 2026-07-22 17:59:03 _wrapper.py:309 Arg options for field 'max_relative_target': {'required': False, 'dest': 'robot.left_arm_config.max_relative_target', 'default': None, 'help': '`max_relative_target` limits the magnitude of the relative positional target vector for safety purposes.\nSet this to a positive scalar to have the same value for all motors, or a dictionary that maps motor\nnames to the max_relative_target value for that motor.', 'type': typing.Union[float, typing.Dict[str, float], NoneType]}
DEBUG 2026-07-22 17:59:03 _wrapper.py:309 Arg options for field 'cameras': {'required': False, 'dest': 'robot.left_arm_config.cameras', 'default': {}, 'help': 'cameras', 'type': typing.Dict[str, lerobot.cameras.configs.CameraConfig]}
DEBUG 2026-07-22 17:59:03 _wrapper.py:309 Arg options for field 'use_degrees': {'required': False, 'dest': 'robot.left_arm_config.use_degrees', 'default': True, 'help': 'Set to `True` for backward compatibility with previous policies/dataset', 'type': <class 'bool'>}
DEBUG 2026-07-22 17:59:03 d_metavar.py:22 Metavar for type <class 'str'>: str
DEBUG 2026-07-22 17:59:03 formatter.py:52 action type: <class 'str'>, Result: str, nargs: None, default metavar: None
DEBUG 2026-07-22 17:59:03 _wrapper.py:309 Arg options for field 'port': {'required': False, 'dest': 'robot.right_arm_config.port', 'default': None, 'help': 'Port to connect to the arm', 'type': <class 'str'>}
DEBUG 2026-07-22 17:59:03 _wrapper.py:309 Arg options for field 'disable_torque_on_disconnect': {'required': False, 'dest': 'robot.right_arm_config.disable_torque_on_disconnect', 'default': True, 'help': ' ', 'type': <class 'bool'>}
DEBUG 2026-07-22 17:59:03 _wrapper.py:309 Arg options for field 'max_relative_target': {'required': False, 'dest': 'robot.right_arm_config.max_relative_target', 'default': None, 'help': '`max_relative_target` limits the magnitude of the relative positional target vector for safety purposes.\nSet this to a positive scalar to have the same value for all motors, or a dictionary that maps motor\nnames to the max_relative_target value for that motor.', 'type': typing.Union[float, typing.Dict[str, float], NoneType]}
DEBUG 2026-07-22 17:59:03 _wrapper.py:309 Arg options for field 'cameras': {'required': False, 'dest': 'robot.right_arm_config.cameras', 'default': {}, 'help': 'cameras', 'type': typing.Dict[str, lerobot.cameras.configs.CameraConfig]}
DEBUG 2026-07-22 17:59:03 _wrapper.py:309 Arg options for field 'use_degrees': {'required': False, 'dest': 'robot.right_arm_config.use_degrees', 'default': True, 'help': 'Set to `True` for backward compatibility with previous policies/dataset', 'type': <class 'bool'>}
DEBUG 2026-07-22 17:59:03 _wrapper.py:309 Arg options for field 'id': {'required': False, 'dest': 'robot.id', 'default': None, 'help': 'Allows to distinguish between different robots of the same type', 'type': typing.Optional[str]}
DEBUG 2026-07-22 17:59:03 _wrapper.py:309 Arg options for field 'calibration_dir': {'required': False, 'dest': 'robot.calibration_dir', 'default': None, 'help': 'Directory to store calibration file', 'type': typing.Optional[pathlib.Path]}
DEBUG 2026-07-22 17:59:03 _wrapper.py:309 Arg options for field 'port': {'required': False, 'dest': 'robot.port', 'default': None, 'help': 'Port to connect to the arm', 'type': <class 'str'>}
DEBUG 2026-07-22 17:59:03 _wrapper.py:309 Arg options for field 'disable_torque_on_disconnect': {'required': False, 'dest': 'robot.disable_torque_on_disconnect', 'default': True, 'help': ' ', 'type': <class 'bool'>}
DEBUG 2026-07-22 17:59:03 _wrapper.py:309 Arg options for field 'max_relative_target': {'required': False, 'dest': 'robot.max_relative_target', 'default': None, 'help': '`max_relative_target` limits the magnitude of the relative positional target vector for safety purposes.\nSet this to a positive scalar to have the same value for all motors, or a dictionary that maps motor\nnames to the max_relative_target value for that motor.', 'type': typing.Union[float, typing.Dict[str, float], NoneType]}
DEBUG 2026-07-22 17:59:03 _wrapper.py:309 Arg options for field 'cameras': {'required': False, 'dest': 'robot.cameras', 'default': {}, 'help': 'cameras', 'type': typing.Dict[str, lerobot.cameras.configs.CameraConfig]}
DEBUG 2026-07-22 17:59:03 _wrapper.py:309 Arg options for field 'use_degrees': {'required': False, 'dest': 'robot.use_degrees', 'default': False, 'help': 'Set to `True` for backward compatibility with previous policies/dataset', 'type': <class 'bool'>}
DEBUG 2026-07-22 17:59:03 _wrapper.py:309 Arg options for field 'id': {'required': False, 'dest': 'robot.id', 'default': None, 'help': 'Allows to distinguish between different robots of the same type', 'type': typing.Optional[str]}
DEBUG 2026-07-22 17:59:03 _wrapper.py:309 Arg options for field 'calibration_dir': {'required': False, 'dest': 'robot.calibration_dir', 'default': None, 'help': 'Directory to store calibration file', 'type': typing.Optional[pathlib.Path]}
DEBUG 2026-07-22 17:59:03 _wrapper.py:309 Arg options for field 'port': {'required': False, 'dest': 'robot.port', 'default': None, 'help': 'Port to connect to the arm', 'type': <class 'str'>}
DEBUG 2026-07-22 17:59:03 _wrapper.py:309 Arg options for field 'disable_torque_on_disconnect': {'required': False, 'dest': 'robot.disable_torque_on_disconnect', 'default': True, 'help': ' ', 'type': <class 'bool'>}
DEBUG 2026-07-22 17:59:03 _wrapper.py:309 Arg options for field 'max_relative_target': {'required': False, 'dest': 'robot.max_relative_target', 'default': None, 'help': '`max_relative_target` limits the magnitude of the relative positional target vector for safety purposes.\nSet this to a positive scalar to have the same value for all motors, or a dictionary that maps motor\nnames to the max_relative_target value for that motor.', 'type': typing.Union[float, typing.Dict[str, float], NoneType]}
DEBUG 2026-07-22 17:59:03 _wrapper.py:309 Arg options for field 'cameras': {'required': False, 'dest': 'robot.cameras', 'default': {}, 'help': 'cameras', 'type': typing.Dict[str, lerobot.cameras.configs.CameraConfig]}
DEBUG 2026-07-22 17:59:03 _wrapper.py:309 Arg options for field 'use_degrees': {'required': False, 'dest': 'robot.use_degrees', 'default': False, 'help': 'Set to `True` for backward compatibility with previous policies/dataset', 'type': <class 'bool'>}
DEBUG 2026-07-22 17:59:03 _wrapper.py:309 Arg options for field 'id': {'required': False, 'dest': 'robot.id', 'default': None, 'help': 'Allows to distinguish between different robots of the same type', 'type': typing.Optional[str]}
DEBUG 2026-07-22 17:59:03 _wrapper.py:309 Arg options for field 'calibration_dir': {'required': False, 'dest': 'robot.calibration_dir', 'default': None, 'help': 'Directory to store calibration file', 'type': typing.Optional[pathlib.Path]}
DEBUG 2026-07-22 17:59:03 _wrapper.py:309 Arg options for field 'ros_node_name': {'required': False, 'dest': 'robot.ros_node_name', 'default': 'lerobot_seed_noid', 'help': 'ROS 2 node and core topics.', 'type': <class 'str'>}
DEBUG 2026-07-22 17:59:03 _wrapper.py:309 Arg options for field 'joint_state_topic': {'required': False, 'dest': 'robot.joint_state_topic', 'default': '/joint_states', 'help': ' ', 'type': <class 'str'>}
DEBUG 2026-07-22 17:59:03 _wrapper.py:309 Arg options for field 'base_twist_topic': {'required': False, 'dest': 'robot.base_twist_topic', 'default': '/mechanum_controller/cmd_vel_teleop', 'help': ' ', 'type': <class 'str'>}
DEBUG 2026-07-22 17:59:03 _wrapper.py:309 Arg options for field 'hand_service_name': {'required': False, 'dest': 'robot.hand_service_name', 'default': '/aero_controller/run_script', 'help': ' ', 'type': <class 'str'>}
DEBUG 2026-07-22 17:59:03 _wrapper.py:309 Arg options for field 'joint_groups': {'required': False, 'dest': 'robot.joint_groups', 'default': {'rarm': ['r_shoulder_p_joint', 'r_shoulder_r_joint', 'r_shoulder_y_joint', 'r_elbow_joint', 'r_wrist_y_joint', 'r_wrist_p_joint', 'r_wrist_r_joint'], 'rhand': ['r_thumb_joint'], 'larm': ['l_shoulder_p_joint', 'l_shoulder_r_joint', 'l_shoulder_y_joint', 'l_elbow_joint', 'l_wrist_y_joint', 'l_wrist_p_joint', 'l_wrist_r_joint'], 'lhand': ['l_thumb_joint'], 'waist': ['waist_y_joint', 'waist_p_joint', 'waist_r_joint'], 'lifter': ['knee_joint', 'ankle_joint'], 'head': ['neck_y_joint', 'neck_p_joint', 'neck_r_joint']}, 'help': 'Fixed state/action contract. List order is semantically significant.', 'type': typing.Dict[str, typing.List[str]]}
DEBUG 2026-07-22 17:59:03 _wrapper.py:309 Arg options for field 'observation_groups': {'required': False, 'dest': 'robot.observation_groups', 'default': ['rarm', 'rhand', 'larm', 'lhand', 'waist', 'lifter', 'head'], 'help': ' ', 'type': typing.List[str]}
DEBUG 2026-07-22 17:59:03 _wrapper.py:309 Arg options for field 'action_groups': {'required': False, 'dest': 'robot.action_groups', 'default': ['rarm', 'rhand', 'larm', 'lhand', 'waist', 'lifter', 'head'], 'help': ' ', 'type': typing.List[str]}
DEBUG 2026-07-22 17:59:03 _wrapper.py:309 Arg options for field 'command_groups': {'required': False, 'dest': 'robot.command_groups', 'default': ['rarm'], 'help': 'Safety gate: expose 24 action features, but only command these groups.', 'type': typing.List[str]}
DEBUG 2026-07-22 17:59:03 _wrapper.py:309 Arg options for field 'controller_names': {'required': False, 'dest': 'robot.controller_names', 'default': {'rarm': 'rarm_controller', 'rhand': 'rhand_controller', 'larm': 'larm_controller', 'lhand': 'lhand_controller', 'waist': 'waist_controller', 'lifter': 'lifter_controller', 'head': 'head_controller'}, 'help': 'ROS 2 controller mapping.', 'type': typing.Dict[str, str]}
DEBUG 2026-07-22 17:59:03 _wrapper.py:309 Arg options for field 'joint_command_transport': {'required': False, 'dest': 'robot.joint_command_transport', 'default': 'topic', 'help': ' ', 'type': typing.Literal['topic', 'action']}
DEBUG 2026-07-22 17:59:03 _wrapper.py:309 Arg options for field 'joint_trajectory_topics': {'required': False, 'dest': 'robot.joint_trajectory_topics', 'default': {}, 'help': ' ', 'type': typing.Dict[str, str]}
DEBUG 2026-07-22 17:59:03 _wrapper.py:309 Arg options for field 'follow_joint_trajectory_actions': {'required': False, 'dest': 'robot.follow_joint_trajectory_actions', 'default': {}, 'help': ' ', 'type': typing.Dict[str, str]}
DEBUG 2026-07-22 17:59:03 _wrapper.py:309 Arg options for field 'trajectory_duration_s': {'required': False, 'dest': 'robot.trajectory_duration_s', 'default': 0.6, 'help': ' ', 'type': <class 'float'>}
DEBUG 2026-07-22 17:59:03 _wrapper.py:309 Arg options for field 'wait_for_action_servers_s': {'required': False, 'dest': 'robot.wait_for_action_servers_s', 'default': 5.0, 'help': ' ', 'type': <class 'float'>}
DEBUG 2026-07-22 17:59:03 _wrapper.py:309 Arg options for field 'executor_threads': {'required': False, 'dest': 'robot.executor_threads', 'default': 2, 'help': ' ', 'type': <class 'int'>}
DEBUG 2026-07-22 17:59:03 _wrapper.py:309 Arg options for field 'joint_position_limits': {'required': False, 'dest': 'robot.joint_position_limits', 'default': {}, 'help': 'Joint safety. All values are radians.', 'type': typing.Dict[str, typing.Tuple[float, float]]}
DEBUG 2026-07-22 17:59:03 _wrapper.py:309 Arg options for field 'max_relative_target': {'required': False, 'dest': 'robot.max_relative_target', 'default': 0.04, 'help': ' ', 'type': typing.Union[float, typing.Dict[str, float], NoneType]}
DEBUG 2026-07-22 17:59:03 _wrapper.py:309 Arg options for field 'strict_action_keys': {'required': False, 'dest': 'robot.strict_action_keys', 'default': True, 'help': ' ', 'type': <class 'bool'>}
DEBUG 2026-07-22 17:59:03 _wrapper.py:309 Arg options for field 'wait_for_joint_state_s': {'required': False, 'dest': 'robot.wait_for_joint_state_s', 'default': 10.0, 'help': 'Observation freshness and startup waits.', 'type': <class 'float'>}
DEBUG 2026-07-22 17:59:03 _wrapper.py:309 Arg options for field 'wait_for_images_s': {'required': False, 'dest': 'robot.wait_for_images_s', 'default': 15.0, 'help': ' ', 'type': <class 'float'>}
DEBUG 2026-07-22 17:59:03 _wrapper.py:309 Arg options for field 'stale_joint_state_s': {'required': False, 'dest': 'robot.stale_joint_state_s', 'default': 2.0, 'help': ' ', 'type': <class 'float'>}
DEBUG 2026-07-22 17:59:03 _wrapper.py:309 Arg options for field 'missing_joint_policy': {'required': False, 'dest': 'robot.missing_joint_policy', 'default': 'raise', 'help': ' ', 'type': typing.Literal['nan', 'zero', 'raise']}
DEBUG 2026-07-22 17:59:03 _wrapper.py:309 Arg options for field 'include_base_actions': {'required': False, 'dest': 'robot.include_base_actions', 'default': False, 'help': 'Optional mobile-base action features.', 'type': <class 'bool'>}
DEBUG 2026-07-22 17:59:03 ocstring.py:253 Warning: Unable to parse attribute docstring:         default_factory=lambda: {"vx": 0.20, "vy": 0.15, "wz": 0.40}
DEBUG 2026-07-22 17:59:03 _wrapper.py:309 Arg options for field 'base_velocity_limits': {'required': False, 'dest': 'robot.base_velocity_limits', 'default': {'vx': 0.2, 'vy': 0.15, 'wz': 0.4}, 'help': ' ', 'type': typing.Dict[str, float]}
DEBUG 2026-07-22 17:59:03 ocstring.py:253 Warning: Unable to parse attribute docstring:         default_factory=lambda: {"rhand": "joint_trajectory", "lhand": "joint_trajectory"}
DEBUG 2026-07-22 17:59:03 _wrapper.py:309 Arg options for field 'hand_command_modes': {'required': False, 'dest': 'robot.hand_command_modes', 'default': {'rhand': 'joint_trajectory', 'lhand': 'joint_trajectory'}, 'help': '\n\nEach hand can use its JointTrajectoryController, the existing RunScript\nservice, or be disabled while retaining the 24-axis feature contract.', 'type': typing.Dict[str, typing.Literal['joint_trajectory', 'script_service', 'disabled']]}
DEBUG 2026-07-22 17:59:03 _wrapper.py:309 Arg options for field 'hand_grasp_threshold': {'required': False, 'dest': 'robot.hand_grasp_threshold', 'default': 0.75, 'help': '\n', 'type': <class 'float'>}
DEBUG 2026-07-22 17:59:03 _wrapper.py:309 Arg options for field 'hand_release_threshold': {'required': False, 'dest': 'robot.hand_release_threshold', 'default': 0.25, 'help': ' ', 'type': <class 'float'>}
DEBUG 2026-07-22 17:59:03 _wrapper.py:309 Arg options for field 'hand_script_timeout_s': {'required': False, 'dest': 'robot.hand_script_timeout_s', 'default': 5.0, 'help': ' ', 'type': <class 'float'>}
DEBUG 2026-07-22 17:59:03 ocstring.py:253 Warning: Unable to parse attribute docstring:         default_factory=lambda: {
DEBUG 2026-07-22 17:59:03 _wrapper.py:309 Arg options for field 'hand_scripts': {'required': False, 'dest': 'robot.hand_scripts', 'default': {'rhand': {'msid': 1, 'send_no': 11, 'grasp_script_no': 2, 'release_script_no': 3}, 'lhand': {'msid': 1, 'send_no': 26, 'grasp_script_no': 2, 'release_script_no': 3}}, 'help': ' ', 'type': typing.Dict[str, typing.Dict[str, int]]}
DEBUG 2026-07-22 17:59:03 _wrapper.py:309 Arg options for field 'ros_image_topics': {'required': False, 'dest': 'robot.ros_image_topics', 'default': {}, 'help': "\n\n\n\n\nROS Image subscriptions. Keys are unprefixed LeRobot camera names, e.g.\n``camera1``. ``observation.images.`` is added by LeRobot's dataset tools.", 'type': typing.Dict[str, str]}
DEBUG 2026-07-22 17:59:03 _wrapper.py:309 Arg options for field 'ros_image_shapes': {'required': False, 'dest': 'robot.ros_image_shapes', 'default': {}, 'help': ' ', 'type': typing.Dict[str, typing.Tuple[int, int, int]]}
DEBUG 2026-07-22 17:59:03 _wrapper.py:309 Arg options for field 'stale_image_s': {'required': False, 'dest': 'robot.stale_image_s', 'default': 2.0, 'help': ' ', 'type': <class 'float'>}
DEBUG 2026-07-22 17:59:03 _wrapper.py:309 Arg options for field 'missing_image_policy': {'required': False, 'dest': 'robot.missing_image_policy', 'default': 'raise', 'help': ' ', 'type': typing.Literal['zero', 'raise']}
DEBUG 2026-07-22 17:59:03 _wrapper.py:309 Arg options for field 'cameras': {'required': False, 'dest': 'robot.cameras', 'default': {}, 'help': 'Native LeRobot cameras can be mixed with ROS image topics.', 'type': typing.Dict[str, lerobot.cameras.configs.CameraConfig]}
DEBUG 2026-07-22 17:59:03 _wrapper.py:309 Arg options for field 'actions_per_chunk': {'required': False, 'dest': 'actions_per_chunk', 'default': None, 'help': 'Policies typically output K actions at max, but we can use less to avoid wasting bandwidth (as actions\nwould be aggregated on the client side anyway, depending on the value of `chunk_size_threshold`)', 'type': <class 'int'>}
DEBUG 2026-07-22 17:59:03 _wrapper.py:309 Arg options for field 'task': {'required': False, 'dest': 'task', 'default': '', 'help': "Task instruction for the robot to execute (e.g., 'fold my tshirt')", 'type': <class 'str'>}
DEBUG 2026-07-22 17:59:03 _wrapper.py:309 Arg options for field 'server_address': {'required': False, 'dest': 'server_address', 'default': 'localhost:8080', 'help': 'Network configuration', 'type': <class 'str'>}
DEBUG 2026-07-22 17:59:03 _wrapper.py:309 Arg options for field 'policy_device': {'required': False, 'dest': 'policy_device', 'default': 'cpu', 'help': 'Device configuration', 'type': <class 'str'>}
DEBUG 2026-07-22 17:59:03 ocstring.py:253 Warning: Unable to parse attribute docstring:         default="cpu",
DEBUG 2026-07-22 17:59:03 _wrapper.py:309 Arg options for field 'client_device': {'required': False, 'dest': 'client_device', 'default': 'cpu', 'help': ' ', 'type': <class 'str'>}
DEBUG 2026-07-22 17:59:03 _wrapper.py:309 Arg options for field 'chunk_size_threshold': {'required': False, 'dest': 'chunk_size_threshold', 'default': 0.5, 'help': '\n\nControl behavior configuration', 'type': <class 'float'>}
DEBUG 2026-07-22 17:59:03 _wrapper.py:309 Arg options for field 'fps': {'required': False, 'dest': 'fps', 'default': 30, 'help': ' ', 'type': <class 'int'>}
DEBUG 2026-07-22 17:59:03 ocstring.py:253 Warning: Unable to parse attribute docstring:         default="weighted_average",
DEBUG 2026-07-22 17:59:03 _wrapper.py:309 Arg options for field 'aggregate_fn_name': {'required': False, 'dest': 'aggregate_fn_name', 'default': 'weighted_average', 'help': 'Aggregate function configuration (CLI-compatible)', 'type': <class 'str'>}
DEBUG 2026-07-22 17:59:03 ocstring.py:253 Warning: Unable to parse attribute docstring:         default=False, metadata={"help": "Visualize the action queue size"}
DEBUG 2026-07-22 17:59:03 _wrapper.py:309 Arg options for field 'debug_visualize_queue_size': {'required': False, 'dest': 'debug_visualize_queue_size', 'default': False, 'help': '\n\n\nDebug configuration', 'type': <class 'bool'>}
DEBUG 2026-07-22 17:59:03 gparsing.py:143 
POST PROCESSING

DEBUG 2026-07-22 17:59:03 gparsing.py:144 (raw) parsed args: Namespace(server_address='127.0.0.1:8080', task='pick up the mouse from the desk, lift it, lower it, and place it back on the desk', policy_type='pi0', pretrained_name_or_path='/home/seed/learning_output/output_lerobot/pi0_robot_mouse_pick_place_100steps/checkpoints/last/pretrained_model', policy_device='cuda', actions_per_chunk='50', chunk_size_threshold='0.5', aggregate_fn_name='weighted_average', debug_visualize_queue_size='True', **{'robot.type': 'seed_noid', 'robot.id': 'seed_noid_async', 'robot.joint_state_topic': '/joint_states', 'robot.joint_command_transport': 'topic', 'robot.trajectory_duration_s': '0.6', 'robot.max_relative_target': '0.04', 'robot.action_groups': '[rarm,rhand,larm,lhand,waist,lifter,head]', 'robot.command_groups': '[rarm]', 'robot.ros_image_topics': '{camera1: /camera/camera/color/image_raw}', 'robot.ros_image_shapes': '{camera1: [720,1280,3]}'})
DEBUG 2026-07-22 17:59:03 decoding.py:112 from_dict for <class 'lerobot.async_inference.configs.RobotClientConfig'>
DEBUG 2026-07-22 17:59:03 decoding.py:132 Decode name = policy_type, type = <class 'str'>
DEBUG 2026-07-22 17:59:03 decoding.py:132 Decode name = pretrained_name_or_path, type = <class 'str'>
DEBUG 2026-07-22 17:59:03 decoding.py:132 Decode name = robot, type = <class 'lerobot.robots.config.RobotConfig'>
DEBUG 2026-07-22 17:59:03 decoding.py:112 from_dict for <class 'lerobot_robot_seed_noid.config_seed_noid.SeedNoidConfig'>
DEBUG 2026-07-22 17:59:03 decoding.py:132 Decode name = id, type = typing.Optional[str]
DEBUG 2026-07-22 17:59:03 decoding.py:293 Decoding a Union field: typing.Optional[str]
DEBUG 2026-07-22 17:59:03 decoding.py:132 Decode name = joint_state_topic, type = <class 'str'>
DEBUG 2026-07-22 17:59:03 decoding.py:132 Decode name = action_groups, type = list[str]
DEBUG 2026-07-22 17:59:03 decoding.py:282 Decoding a List field: list[str]
DEBUG 2026-07-22 17:59:03 decoding.py:132 Decode name = command_groups, type = list[str]
DEBUG 2026-07-22 17:59:03 decoding.py:132 Decode name = joint_command_transport, type = typing.Literal['topic', 'action']
